apiVersion: apps/v1
kind: Deployment
metadata:
  labels:
    app.kubernetes.io/name: hubble-relay
    app.kubernetes.io/part-of: cilium
    k8s-app: hubble-relay
  name: hubble-relay
  namespace: cilium
spec:
  replicas: 1
  selector:
    matchLabels:
      k8s-app: hubble-relay
  strategy:
    rollingUpdate:
      maxUnavailable: 1
    type: RollingUpdate
  template:
    metadata:
      annotations: null
      labels:
        app.kubernetes.io/name: hubble-relay
        app.kubernetes.io/part-of: cilium
        k8s-app: hubble-relay
    spec:
      affinity:
        podAffinity:
          requiredDuringSchedulingIgnoredDuringExecution:
            - labelSelector:
                matchLabels:
                  k8s-app: cilium
              topologyKey: kubernetes.io/hostname
      automountServiceAccountToken: false
      containers:
        - args:
            - serve
          command:
            - hubble-relay
          image: quay.io/cilium/hubble-relay:v1.14.10@sha256:c156c4fc2da520d2876142ea17490440b95431a1be755d2050e72115a495cfd0
          imagePullPolicy: IfNotPresent
          livenessProbe:
            tcpSocket:
              port: grpc
          name: hubble-relay
          ports:
            - containerPort: 4245
              name: grpc
          readinessProbe:
            tcpSocket:
              port: grpc
          securityContext:
            capabilities:
              drop:
                - ALL
            runAsGroup: 65532
            runAsNonRoot: true
            runAsUser: 65532
          terminationMessagePolicy: FallbackToLogsOnError
          volumeMounts:
            - mountPath: /etc/hubble-relay
              name: config
              readOnly: true
      nodeSelector:
        kubernetes.io/os: linux
      priorityClassName: null
      restartPolicy: Always
      securityContext:
        fsGroup: 65532
      serviceAccount: hubble-relay
      serviceAccountName: hubble-relay
      terminationGracePeriodSeconds: 1
      volumes:
        - configMap:
            items:
              - key: config.yaml
                path: config.yaml
            name: hubble-relay-config
          name: config
