apiVersion: cilium.io/v2alpha1
kind: CiliumL2AnnouncementPolicy
metadata:
  annotations:
    argocd.argoproj.io/sync-options: SkipDryRunOnMissingResource=true,Prune=false
  labels:
    name: color-blue
  name: color-blue
spec:
  externalIPs: true
  interfaces:
    - ^eth[0-9]+
  loadBalancerIPs: true
  nodeSelector:
    matchExpressions:
      - key: node-role.kubernetes.io/control-plane
        operator: DoesNotExist
  serviceSelector:
    matchLabels:
      color: blue
