apiVersion: rbac.authorization.k8s.io/v1
kind: ClusterRole
metadata:
  annotations: {}
  labels:
    name: syn-cilium-view
    rbac.authorization.k8s.io/aggregate-to-admin: 'true'
    rbac.authorization.k8s.io/aggregate-to-edit: 'true'
    rbac.authorization.k8s.io/aggregate-to-view: 'true'
  name: syn-cilium-view
rules:
  - apiGroups:
      - cilium.io
    resources:
      - ciliumnetworkpolicies
      - ciliumendpoints
    verbs:
      - get
      - list
      - watch
---
apiVersion: rbac.authorization.k8s.io/v1
kind: ClusterRole
metadata:
  annotations: {}
  labels:
    name: syn-cilium-edit
    rbac.authorization.k8s.io/aggregate-to-admin: 'true'
    rbac.authorization.k8s.io/aggregate-to-edit: 'true'
  name: syn-cilium-edit
rules:
  - apiGroups:
      - cilium.io
    resources:
      - ciliumnetworkpolicies
    verbs:
      - create
      - delete
      - deletecollection
      - patch
      - update
---
apiVersion: rbac.authorization.k8s.io/v1
kind: ClusterRole
metadata:
  annotations: {}
  labels:
    name: syn-cilium-cluster-reader
    rbac.authorization.k8s.io/aggregate-to-cluster-reader: 'true'
  name: syn-cilium-cluster-reader
rules:
  - apiGroups:
      - cilium.io
    resources:
      - '*'
    verbs:
      - get
      - list
      - watch
