apiVersion: cilium.io/v2
kind: CiliumEgressGatewayPolicy
metadata:
  annotations:
    argocd.argoproj.io/sync-options: SkipDryRunOnMissingResource=true,Prune=false
    cilium.syn.tools/debug-interface-index: start=3221226016, end=3221226047, ip=3221226045
    cilium.syn.tools/description: Generated policy to assign egress IP 192.0.2.61
      in egress range "egress_a" (192.0.2.32 - 192.0.2.63) to namespace bar.
    cilium.syn.tools/egress-ip: 192.0.2.61
    cilium.syn.tools/egress-range: 192.0.2.32 - 192.0.2.63
    cilium.syn.tools/interface-prefix: egress_a
    cilium.syn.tools/shadow-ips: '["198.51.100.29","198.51.100.61","198.51.100.93"]'
    cilium.syn.tools/source-namespace: bar
  labels:
    name: bar
  name: bar
spec:
  destinationCIDRs:
    - 0.0.0.0/0
  egressGroups:
    - interface: egress_a_29
      nodeSelector:
        matchLabels:
          node-role.kubernetes.io/infra: ''
  selectors:
    - podSelector:
        matchLabels:
          io.kubernetes.pod.namespace: bar
---
apiVersion: cilium.io/v2
kind: CiliumEgressGatewayPolicy
metadata:
  annotations:
    argocd.argoproj.io/sync-options: SkipDryRunOnMissingResource=true,Prune=false
    cilium.syn.tools/debug-interface-index: start=3221226048, end=3221226079, ip=3221226077
    cilium.syn.tools/description: Generated policy to assign egress IP 192.0.2.93
      in egress range "egress_c" (192.0.2.64 - 192.0.2.95) to namespace baz.
    cilium.syn.tools/egress-ip: 192.0.2.93
    cilium.syn.tools/egress-range: 192.0.2.64 - 192.0.2.95
    cilium.syn.tools/interface-prefix: egress_c
    cilium.syn.tools/shadow-ips: '["198.51.100.125","198.51.100.157","198.51.100.189"]'
    cilium.syn.tools/source-namespace: baz
  labels:
    name: baz
  name: baz
spec:
  destinationCIDRs:
    - 0.0.0.0/0
  egressGroups:
    - interface: egress_c_29
      nodeSelector:
        matchLabels:
          node-role.kubernetes.io/infra: ''
  selectors:
    - podSelector:
        matchLabels:
          io.kubernetes.pod.namespace: baz
---
apiVersion: cilium.io/v2
kind: CiliumEgressGatewayPolicy
metadata:
  annotations:
    argocd.argoproj.io/sync-options: SkipDryRunOnMissingResource=true,Prune=false
    cilium.syn.tools/debug-interface-index: start=3221226016, end=3221226047, ip=3221226016
    cilium.syn.tools/description: Generated policy to assign egress IP 192.0.2.32
      in egress range "egress_a" (192.0.2.32 - 192.0.2.63) to namespace foo.
    cilium.syn.tools/egress-ip: 192.0.2.32
    cilium.syn.tools/egress-range: 192.0.2.32 - 192.0.2.63
    cilium.syn.tools/interface-prefix: egress_a
    cilium.syn.tools/shadow-ips: '["198.51.100.0","198.51.100.32","198.51.100.64"]'
    cilium.syn.tools/source-namespace: foo
  labels:
    name: foo
  name: foo
spec:
  destinationCIDRs:
    - 0.0.0.0/0
  egressGroups:
    - interface: egress_a_0
      nodeSelector:
        matchLabels:
          node-role.kubernetes.io/infra: ''
  selectors:
    - podSelector:
        matchLabels:
          io.kubernetes.pod.namespace: foo
