apiVersion: apps/v1
kind: Deployment
metadata:
  labels:
    app.kubernetes.io/name: cilium-operator
    app.kubernetes.io/part-of: cilium
    io.cilium/app: operator
    name: cilium-operator
  name: cilium-operator
  namespace: cilium
spec:
  replicas: 2
  selector:
    matchLabels:
      io.cilium/app: operator
      name: cilium-operator
  strategy:
    rollingUpdate:
      maxSurge: 25%
      maxUnavailable: 50%
    type: RollingUpdate
  template:
    metadata:
      annotations: null
      labels:
        app.kubernetes.io/name: cilium-operator
        app.kubernetes.io/part-of: cilium
        io.cilium/app: operator
        name: cilium-operator
    spec:
      affinity:
        podAntiAffinity:
          requiredDuringSchedulingIgnoredDuringExecution:
            - labelSelector:
                matchLabels:
                  io.cilium/app: operator
              topologyKey: kubernetes.io/hostname
      automountServiceAccountToken: true
      containers:
        - args:
            - --config-dir=/tmp/cilium/config-map
            - --debug=$(CILIUM_DEBUG)
          command:
            - cilium-operator-generic
          env:
            - name: K8S_NODE_NAME
              valueFrom:
                fieldRef:
                  apiVersion: v1
                  fieldPath: spec.nodeName
            - name: CILIUM_K8S_NAMESPACE
              valueFrom:
                fieldRef:
                  apiVersion: v1
                  fieldPath: metadata.namespace
            - name: CILIUM_DEBUG
              valueFrom:
                configMapKeyRef:
                  key: debug
                  name: cilium-config
                  optional: true
          image: quay.io/cilium/operator-generic:v1.18.2@sha256:cb4e4ffc5789fd5ff6a534e3b1460623df61cba00f5ea1c7b40153b5efb81805
          imagePullPolicy: IfNotPresent
          livenessProbe:
            httpGet:
              host: 127.0.0.1
              path: /healthz
              port: 9234
              scheme: HTTP
            initialDelaySeconds: 60
            periodSeconds: 10
            timeoutSeconds: 3
          name: cilium-operator
          readinessProbe:
            failureThreshold: 5
            httpGet:
              host: 127.0.0.1
              path: /healthz
              port: 9234
              scheme: HTTP
            initialDelaySeconds: 0
            periodSeconds: 5
            timeoutSeconds: 3
          resources:
            limits:
              cpu: 100m
              memory: 250Mi
            requests:
              cpu: 100m
              memory: 250Mi
          securityContext:
            allowPrivilegeEscalation: false
            capabilities:
              drop:
                - ALL
          terminationMessagePolicy: FallbackToLogsOnError
          volumeMounts:
            - mountPath: /tmp/cilium/config-map
              name: cilium-config-path
              readOnly: true
      hostNetwork: true
      nodeSelector:
        kubernetes.io/os: linux
      priorityClassName: system-cluster-critical
      restartPolicy: Always
      securityContext:
        seccompProfile:
          type: RuntimeDefault
      serviceAccountName: cilium-operator
      tolerations:
        - key: node-role.kubernetes.io/control-plane
          operator: Exists
        - key: node-role.kubernetes.io/master
          operator: Exists
        - key: node.kubernetes.io/not-ready
          operator: Exists
        - key: node.cloudprovider.kubernetes.io/uninitialized
          operator: Exists
        - key: node.cilium.io/agent-not-ready
          operator: Exists
      volumes:
        - configMap:
            name: cilium-config
          name: cilium-config-path
