apiVersion: rbac.authorization.k8s.io/v1
kind: ClusterRole
metadata:
  name: cilium-cilium-olm
rules:
  - apiGroups:
      - security.openshift.io
    resourceNames:
      - hostnetwork
    resources:
      - securitycontextconstraints
    verbs:
      - use
  - apiGroups:
      - rbac.authorization.k8s.io
    resources:
      - roles
      - rolebindings
      - clusterroles
      - clusterrolebindings
    verbs:
      - create
      - get
      - patch
      - update
      - delete
      - list
      - watch
  - apiGroups:
      - ''
    resources:
      - services/status
    verbs:
      - patch
      - update
  - apiGroups:
      - coordination.k8s.io
    resources:
      - leases
    verbs:
      - create
      - get
      - update
      - list
      - delete
  - apiGroups:
      - ''
    resources:
      - secrets
    verbs:
      - create
  - apiGroups:
      - ''
    resourceNames:
      - hubble-server-certs
      - hubble-relay-client-certs
      - hubble-relay-server-certs
    resources:
      - secrets
    verbs:
      - update
  - apiGroups:
      - ''
    resourceNames:
      - cilium-ca
    resources:
      - secrets
    verbs:
      - get
      - update
