apiVersion: rbac.authorization.k8s.io/v1
kind: RoleBinding
metadata:
  labels:
    app.kubernetes.io/part-of: cilium
  name: cilium-config-agent
  namespace: cilium
roleRef:
  apiGroup: rbac.authorization.k8s.io
  kind: Role
  name: cilium-config-agent
subjects:
  - kind: ServiceAccount
    name: cilium
    namespace: cilium
---
apiVersion: rbac.authorization.k8s.io/v1
kind: RoleBinding
metadata:
  labels:
    app.kubernetes.io/part-of: cilium
  name: cilium-bgp-control-plane-secrets
  namespace: cilium
roleRef:
  apiGroup: rbac.authorization.k8s.io
  kind: Role
  name: cilium-bgp-control-plane-secrets
subjects:
  - kind: ServiceAccount
    name: cilium
    namespace: cilium
---
apiVersion: rbac.authorization.k8s.io/v1
kind: RoleBinding
metadata:
  labels:
    app.kubernetes.io/part-of: cilium
  name: cilium-tlsinterception-secrets
  namespace: cilium-secrets
roleRef:
  apiGroup: rbac.authorization.k8s.io
  kind: Role
  name: cilium-tlsinterception-secrets
subjects:
  - kind: ServiceAccount
    name: cilium
    namespace: cilium
