apiVersion: rbac.authorization.k8s.io/v1
kind: Role
metadata:
  annotations: {}
  labels:
    name: cilium-olm
  name: cilium-olm
  namespace: kube-system
rules:
  - apiGroups:
      - ''
    resources:
      - secrets
    verbs:
      - get
      - list
      - watch
---
apiVersion: rbac.authorization.k8s.io/v1
kind: RoleBinding
metadata:
  annotations: {}
  labels:
    name: cilium-olm
  name: cilium-olm
  namespace: kube-system
roleRef:
  apiGroup: rbac.authorization.k8s.io
  kind: Role
  name: cilium-olm
subjects:
  - kind: ServiceAccount
    name: cilium-olm
    namespace: cilium
