apiVersion: rbac.authorization.k8s.io/v1
kind: Role
metadata:
  annotations:
    argocd.argoproj.io/hook: PreSync
  labels:
    name: cleanup-old-clusterserviceversions
  name: cleanup-old-clusterserviceversions
  namespace: cilium
rules:
  - apiGroups:
      - operators.coreos.com
    resources:
      - clusterserviceversions
    verbs:
      - get
      - list
      - delete
---
apiVersion: v1
kind: ServiceAccount
metadata:
  annotations:
    argocd.argoproj.io/hook: PreSync
  labels:
    name: cleanup-old-clusterserviceversions
  name: cleanup-old-clusterserviceversions
  namespace: cilium
---
apiVersion: rbac.authorization.k8s.io/v1
kind: RoleBinding
metadata:
  annotations:
    argocd.argoproj.io/hook: PreSync
  labels:
    name: cleanup-old-clusterserviceversions
  name: cleanup-old-clusterserviceversions
  namespace: cilium
roleRef:
  apiGroup: rbac.authorization.k8s.io
  kind: Role
  name: cleanup-old-clusterserviceversions
subjects:
  - kind: ServiceAccount
    name: cleanup-old-clusterserviceversions
    namespace: cilium
---
apiVersion: batch/v1
kind: Job
metadata:
  annotations:
    argocd.argoproj.io/hook: PreSync
    argocd.argoproj.io/hook-delete-policy: HookSucceeded
  labels:
    name: cleanup-old-clusterserviceversions
  name: cleanup-old-clusterserviceversions
  namespace: cilium
spec:
  completions: 1
  parallelism: 1
  template:
    metadata:
      labels:
        name: cleanup-old-clusterserviceversions
    spec:
      containers:
        - args:
            - |
              kubectl -n cilium get clusterserviceversion -ojson \
                | jq '.items[] | select(.spec.version | test("^1.14.7[+]") | not) | .metadata.name' \
                | xargs --no-run-if-empty kubectl -n cilium delete clusterserviceversions
          command:
            - sh
            - -c
          env:
            - name: HOME
              value: /home
          image: docker.io/bitnami/kubectl:1.30.6@sha256:e253f984b4f1012cf36dd806715192938c84e2a0caeef20e418d3b1716b08d07
          imagePullPolicy: IfNotPresent
          name: cleanup-old-clusterserviceversions
          ports: []
          stdin: false
          tty: false
          volumeMounts:
            - mountPath: /home
              name: home
          workingDir: /home
      imagePullSecrets: []
      initContainers: []
      restartPolicy: OnFailure
      serviceAccountName: cleanup-old-clusterserviceversions
      terminationGracePeriodSeconds: 30
      volumes:
        - emptyDir: {}
          name: home
