apiVersion: apps/v1
kind: Deployment
metadata:
  labels:
    name: cilium-olm
  name: cilium-olm
  namespace: cilium
spec:
  replicas: 1
  selector:
    matchLabels:
      name: cilium-olm
  template:
    metadata:
      labels:
        name: cilium-olm
    spec:
      containers:
        - command:
            - /usr/local/bin/helm-operator
            - run
            - --watches-file=watches.yaml
            - --enable-leader-election
            - --leader-election-id=cilium-olm
            - --zap-devel
            - --metrics-addr=localhost:8082
            - --health-probe-bind-address=localhost:8081
          env:
            - name: WATCH_NAMESPACE
              valueFrom:
                fieldRef:
                  fieldPath: metadata.namespace
            - name: RELATED_IMAGE_CILIUM
              value: quay.io/cilium/cilium@sha256:774f0f11e171a96b59158884e0151eb522a2cf3fe23a7af7a140ae31ac30271b
            - name: RELATED_IMAGE_HUBBLE_RELAY
              value: quay.io/cilium/hubble-relay@sha256:9e9971ff7a25f9b98810d6c5e623002df740a98bbde58a066b035a31d624846b
            - name: RELATED_IMAGE_CILIUM_OPERATOR
              value: quay.io/cilium/operator-generic@sha256:324d17fa59f9a5fa5f957f088567cb66f15d8771880f6ced755e79e8e4b085fd
            - name: RELATED_IMAGE_PREFLIGHT
              value: quay.io/cilium/cilium@sha256:774f0f11e171a96b59158884e0151eb522a2cf3fe23a7af7a140ae31ac30271b
            - name: RELATED_IMAGE_CLUSTERMESH
              value: quay.io/cilium/clustermesh-apiserver@sha256:e72cee26e8b934dc6f279fec571a860b953fd45f327144ce33cf90f8c983bf37
            - name: RELATED_IMAGE_CERTGEN
              value: quay.io/cilium/certgen@sha256:f09fccb919d157fc0a83de20011738192a606250c0ee3238e3610b6cb06c0981
            - name: RELATED_IMAGE_HUBBLE_UI_BE
              value: quay.io/cilium/hubble-ui-backend@sha256:f88a73a120521eeafbcdbd908f517117f6557bf61e115847853fac371f0d774c
            - name: RELATED_IMAGE_HUBBLE_UI_FE
              value: quay.io/cilium/hubble-ui@sha256:e15af59a2ded739e420be82de6cbdd0ce22f8d3f00e3a10b3d2d2734e074a394
            - name: RELATED_IMAGE_ETCD_OPERATOR
              value: quay.io/cilium/cilium-etcd-operator@sha256:04b8327f7f992693c2cb483b999041ed8f92efc8e14f2a5f3ab95574a65ea2dc
            - name: RELATED_IMAGE_NODEINIT
              value: quay.io/cilium/startup-script@sha256:a1454ca1f93b69ecd2c43482c8e13dc418ae15e28a46009f5934300a20afbdba
            - name: RELATED_IMAGE_CLUSTERMESH_ETCD
              value: quay.io/coreos/etcd@sha256:a67fb152d4c53223e96e818420c37f11d05c2d92cf62c05ca5604066c37295e9
          image: registry.connect.redhat.com/isovalent/cilium-olm@sha256:15f7661886456a7f7277086cb76d056a3e5f13c34a30ee48cabb633afafe0a86
          name: operator
          ports:
            - containerPort: 9443
              name: https
              protocol: TCP
          resources:
            limits:
              cpu: 100m
              memory: 500Mi
            requests:
              cpu: 100m
              memory: 250Mi
          volumeMounts:
            - mountPath: /tmp
              name: tmp
      hostNetwork: true
      serviceAccount: cilium-olm
      terminationGracePeriodSeconds: 10
      tolerations:
        - operator: Exists
      volumes:
        - emptyDir: {}
          name: tmp
