apiVersion: v1
kind: Namespace
metadata:
  annotations: null
  labels:
    app.kubernetes.io/part-of: cilium
  name: cilium-secrets
