apiVersion: v1
kind: Namespace
metadata:
  annotations: {}
  labels:
    name: cilium
  name: cilium
