apiVersion: v1
data:
  config.yaml: "cluster-name: default\npeer-service: \"hubble-peer.cilium.svc.cluster.local:80\"\
    \nlisten-address: :4245\ndial-timeout: \nretry-timeout: \nsort-buffer-len-max:\
    \ \nsort-buffer-drain-timeout: \ndisable-client-tls: true\ndisable-server-tls:\
    \ true\n"
kind: ConfigMap
metadata:
  name: hubble-relay-config
  namespace: cilium
