apiVersion: v1
automountServiceAccountToken: false
kind: ServiceAccount
metadata:
  name: hubble-relay
  namespace: cilium
