apiVersion: v1
kind: Service
metadata:
  annotations: null
  labels:
    app.kubernetes.io/name: hubble
    app.kubernetes.io/part-of: cilium
    k8s-app: hubble
  name: hubble-metrics
  namespace: cilium
spec:
  clusterIP: None
  ports:
    - name: hubble-metrics
      port: 9965
      protocol: TCP
      targetPort: hubble-metrics
  selector:
    k8s-app: cilium
  type: ClusterIP
