apiVersion: v1
data:
  password: foobar
kind: Secret
metadata:
  annotations: {}
  labels:
    name: test
  name: test
type: Opaque
---
apiVersion: v1
data: {}
kind: Secret
metadata:
  annotations: {}
  labels:
    name: test2
  name: test2
stringData:
  password: foobar
type: Opaque
