apiVersion: cilium.io/v2alpha1
kind: CiliumBGPAdvertisement
metadata:
  annotations:
    argocd.argoproj.io/sync-options: SkipDryRunOnMissingResource=true
  labels:
    cilium.syn.tools/advertise: bgp
    name: lb-services
  name: lb-services
spec:
  advertisements:
    - advertisementType: Service
      selector:
        matchLabels:
          syn.tools/load-balancer-class: cilium
      service:
        addresses:
          - LoadBalancerIP
