apiVersion: cilium.io/v2alpha1
kind: CiliumBGPPeerConfig
metadata:
  annotations:
    argocd.argoproj.io/sync-options: SkipDryRunOnMissingResource=true
  labels:
    name: lb-services
  name: lb-services
spec:
  families:
    - advertisements:
        matchLabels:
          cilium.syn.tools/advertise: bgp
      afi: ipv4
      safi: unicast
  gracefulRestart:
    enabled: true
    restartTimeSeconds: 30
